[blackrockdigital.github.io/startbootstrap-sb-admin-2/pages/index.html]
[backblue.gif]
[fade.gif]
[index.html]
[blackrockdigital.github.io/startbootstrap-sb-admin-2/vendor/bootstrap/css/bootstrap.min.css]
[blackrockdigital.github.io/startbootstrap-sb-admin-2/vendor/metisMenu/metisMenu.min.css]
[blackrockdigital.github.io/startbootstrap-sb-admin-2/dist/css/sb-admin-2.css]
[blackrockdigital.github.io/startbootstrap-sb-admin-2/vendor/morrisjs/morris.css]
[blackrockdigital.github.io/startbootstrap-sb-admin-2/vendor/font-awesome/css/font-awesome.min.css]
[blackrockdigital.github.io/startbootstrap-sb-admin-2/pages/login.html]
[blackrockdigital.github.io/startbootstrap-sb-admin-2/pages/flot.html]
[blackrockdigital.github.io/startbootstrap-sb-admin-2/pages/morris.html]
[blackrockdigital.github.io/startbootstrap-sb-admin-2/pages/tables.html]
[blackrockdigital.github.io/startbootstrap-sb-admin-2/pages/forms.html]
[blackrockdigital.github.io/startbootstrap-sb-admin-2/pages/panels-wells.html]
[blackrockdigital.github.io/startbootstrap-sb-admin-2/pages/buttons.html]
[blackrockdigital.github.io/startbootstrap-sb-admin-2/pages/notifications.html]
[blackrockdigital.github.io/startbootstrap-sb-admin-2/pages/typography.html]
[blackrockdigital.github.io/startbootstrap-sb-admin-2/pages/icons.html]
[blackrockdigital.github.io/startbootstrap-sb-admin-2/pages/grid.html]
[blackrockdigital.github.io/startbootstrap-sb-admin-2/pages/blank.html]
[blackrockdigital.github.io/startbootstrap-sb-admin-2/vendor/jquery/jquery.min.js]
[blackrockdigital.github.io/startbootstrap-sb-admin-2/vendor/bootstrap/js/bootstrap.min.js]
[blackrockdigital.github.io/startbootstrap-sb-admin-2/vendor/metisMenu/metisMenu.min.js]
[blackrockdigital.github.io/startbootstrap-sb-admin-2/vendor/raphael/raphael.min.js]
[blackrockdigital.github.io/startbootstrap-sb-admin-2/vendor/morrisjs/morris.min.js]
[blackrockdigital.github.io/startbootstrap-sb-admin-2/data/morris-data.js]
[blackrockdigital.github.io/startbootstrap-sb-admin-2/dist/js/sb-admin-2.js]
[blackrockdigital.github.io/startbootstrap-sb-admin-2/pages/index.html]
[blackrockdigital.github.io/startbootstrap-sb-admin-2/vendor/bootstrap/css/bootstrap.min.css]
[blackrockdigital.github.io/startbootstrap-sb-admin-2/vendor/metisMenu/metisMenu.min.css]
[blackrockdigital.github.io/startbootstrap-sb-admin-2/dist/css/sb-admin-2.css]
[blackrockdigital.github.io/startbootstrap-sb-admin-2/vendor/morrisjs/morris.css]
[blackrockdigital.github.io/startbootstrap-sb-admin-2/vendor/font-awesome/css/font-awesome.min.css]
[blackrockdigital.github.io/startbootstrap-sb-admin-2/pages/login.html]
[blackrockdigital.github.io/startbootstrap-sb-admin-2/vendor/flot/excanvas.min.js]
[blackrockdigital.github.io/startbootstrap-sb-admin-2/vendor/flot/jquery.flot.js]
[blackrockdigital.github.io/startbootstrap-sb-admin-2/vendor/flot/jquery.flot.pie.js]
[blackrockdigital.github.io/startbootstrap-sb-admin-2/vendor/flot/jquery.flot.resize.js]
[blackrockdigital.github.io/startbootstrap-sb-admin-2/vendor/flot/jquery.flot.time.js]
[blackrockdigital.github.io/startbootstrap-sb-admin-2/vendor/flot-tooltip/jquery.flot.tooltip.min.js]
[blackrockdigital.github.io/startbootstrap-sb-admin-2/pages/flot.html]
[blackrockdigital.github.io/startbootstrap-sb-admin-2/pages/morris.html]
[blackrockdigital.github.io/startbootstrap-sb-admin-2/data/flot-data.js]
[blackrockdigital.github.io/startbootstrap-sb-admin-2/vendor/datatables-plugins/dataTables.bootstrap.css]
[blackrockdigital.github.io/startbootstrap-sb-admin-2/vendor/datatables-responsive/dataTables.responsive.css]
[blackrockdigital.github.io/startbootstrap-sb-admin-2/vendor/datatables/js/jquery.dataTables.min.js]
[blackrockdigital.github.io/startbootstrap-sb-admin-2/vendor/datatables-plugins/dataTables.bootstrap.min.js]
[blackrockdigital.github.io/startbootstrap-sb-admin-2/pages/tables.html]
[blackrockdigital.github.io/startbootstrap-sb-admin-2/pages/forms.html]
[blackrockdigital.github.io/startbootstrap-sb-admin-2/pages/panels-wells.html]
[blackrockdigital.github.io/startbootstrap-sb-admin-2/vendor/datatables-responsive/dataTables.responsive.js]
[blackrockdigital.github.io/startbootstrap-sb-admin-2/pages/buttons.html]
[blackrockdigital.github.io/startbootstrap-sb-admin-2/pages/notifications.html]
[blackrockdigital.github.io/startbootstrap-sb-admin-2/pages/typography.html]
[blackrockdigital.github.io/startbootstrap-sb-admin-2/pages/icons.html]
[blackrockdigital.github.io/startbootstrap-sb-admin-2/pages/grid.html]
[blackrockdigital.github.io/startbootstrap-sb-admin-2/pages/blank.html]
[blackrockdigital.github.io/startbootstrap-sb-admin-2/vendor/bootstrap-social/bootstrap-social.css]
[blackrockdigital.github.io/startbootstrap-sb-admin-2/vendor/images/sort_both.png]
[blackrockdigital.github.io/startbootstrap-sb-admin-2/vendor/images/sort_asc.png]
[blackrockdigital.github.io/startbootstrap-sb-admin-2/vendor/images/sort_desc.png]
[blackrockdigital.github.io/startbootstrap-sb-admin-2/vendor/images/sort_asc_disabled.png]
[blackrockdigital.github.io/startbootstrap-sb-admin-2/vendor/images/sort_desc_disabled.png]
[blackrockdigital.github.io/startbootstrap-sb-admin-2/vendor/datatables-plugins/dataTables.bootstrap.css]
[blackrockdigital.github.io/startbootstrap-sb-admin-2/vendor/datatables-responsive/dataTables.responsive.css]
[blackrockdigital.github.io/startbootstrap-sb-admin-2/vendor/bootstrap-social/bootstrap-social.css]
[blackrockdigital.github.io/startbootstrap-sb-admin-2/vendor/images/sort_both.html]
[blackrockdigital.github.io/startbootstrap-sb-admin-2/vendor/images/sort_asc.html]
[blackrockdigital.github.io/startbootstrap-sb-admin-2/vendor/images/sort_desc.html]
[blackrockdigital.github.io/startbootstrap-sb-admin-2/vendor/images/sort_asc_disabled.html]
[blackrockdigital.github.io/startbootstrap-sb-admin-2/vendor/images/sort_desc_disabled.html]
